// Jest Snapshot v1, https://goo.gl/fbAQLP

exports[`Header component renders Header 1`] = `
<header>
  <h1>
    Weather Forecast
  </h1>
</header>
`;
